// Jest Snapshot v1, https://goo.gl/fbAQLP

exports[`transmute/keySeq gets the keys from a Map 1`] = `
Array [
  "one",
  "two",
  "three",
]
`;

exports[`transmute/keySeq gets the keys from an Array 1`] = `
Array [
  0,
  1,
  2,
]
`;

exports[`transmute/keySeq gets the keys from an Object 1`] = `
Array [
  "one",
  "two",
  "three",
]
`;
