// Jest Snapshot v1, https://goo.gl/fbAQLP

exports[`transmute/keySeq gets the keys from a Map 1`] = `
Immutable.Seq [
  "one",
  "two",
  "three",
]
`;

exports[`transmute/keySeq gets the keys from an Array 1`] = `Immutable.Seq […]`;

exports[`transmute/keySeq gets the keys from an Object 1`] = `
Immutable.Seq [
  "one",
  "two",
  "three",
]
`;
