// Jest Snapshot v1, https://goo.gl/fbAQLP

exports[`transmute/merge Iterable merges with a Map 1`] = `
Immutable.Map {
  one: 3,
  two: 2,
  three: 1,
}
`;

exports[`transmute/merge Iterable merges with an Object 1`] = `
Immutable.Map {
  one: 3,
  two: 2,
  three: 1,
}
`;

exports[`transmute/merge Object merges with a Map 1`] = `
Object {
  "one": 3,
  "three": 1,
  "two": 2,
}
`;

exports[`transmute/merge Object merges with an Object 1`] = `
Object {
  "one": 3,
  "three": 1,
  "two": 2,
}
`;
